[newcrestmining.ltd/index.html]
[backblue.gif]
[fade.gif]
[index.html]
[newcrestmining.ltd/images/favicon.png]
[translate.google.com/translate_a/element.ca0d8.delayed]
[newcrestmining.ltd/indexbc14.html]
[newcrestmining.ltd/index3898.html]
[newcrestmining.ltd/images/slider/slider-1.e.delayed]
[newcrestmining.ltd/index38cd.html]
[newcrestmining.ltd/indexef6b.html]
[newcrestmining.ltd/indexc30b.html]
[newcrestmining.ltd/indexcca3.html]
[newcrestmining.ltd/images/bar.png]
[newcrestmining.ltd/images/slider/slider-2.jpg]
[newcrestmining.ltd/images/slider/slider-3.jpg]
[newcrestmining.ltd/images/about.jpg]
[newcrestmining.ltd/btc.mp4]
[newcrestmining.ltd/images/3.jpg]
[newcrestmining.ltd/images/bg/quote-bg.jpg]
[newcrestmining.ltd/images/icons/login.png]
[newcrestmining.ltd/images/icons/quantity.png]
[newcrestmining.ltd/images/icons/payment.png]
[newcrestmining.ltd/images/icons/cart.png]
[newcrestmining.ltd/images/icons/testimonial-arrow-2.png]
[newcrestmining.ltd/images/testimonial/testimonial-1.jpg]
[newcrestmining.ltd/images/testimonial/testimonial-2.jpg]
[newcrestmining.ltd/images/testimonial/testimonial-3.jpg]
[newcrestmining.ltd/images/testimonial/testimonial-4.jpg]
[newcrestmining.ltd/images/testimonial/testimonial-5.jpg]
[newcrestmining.ltd/images/testimonial/testimonial-6.jpg]
[newcrestmining.ltd/images/testimonial/testimonial-7.jpg]
[newcrestmining.ltd/images/footer-map.png]
[newcrestmining.ltd/js/jquery.min.js]
[newcrestmining.ltd/js/bootstrap.min.js]
[newcrestmining.ltd/js/menumaker.js]
[newcrestmining.ltd/js/owl.carousel.js]
[newcrestmining.ltd/js/jquery.magnific-popup.min.js]
[newcrestmining.ltd/js/jquery.elevatezoom.js]
[newcrestmining.ltd/js/jquery.ajaxchimp.js]
[newcrestmining.ltd/js/smooth-scroll.js]
[newcrestmining.ltd/js/waypoints.min.js]
[newcrestmining.ltd/js/jquery.counterup.js]
[newcrestmining.ltd/js/price-slider.js]
[newcrestmining.ltd/js/jquery.themepunch.tools.min.js]
[newcrestmining.ltd/js/jquery.themepunch.revolution.min.js]
[newcrestmining.ltd/js/extensions/revolution.extension.actions.min.js]
[newcrestmining.ltd/js/extensions/revolution.extension.carousel.min.js]
[newcrestmining.ltd/js/extensions/revolution.extension.kenburn.min.js]
[newcrestmining.ltd/js/extensions/revolution.extension.layeranimation.min.js]
[newcrestmining.ltd/js/extensions/revolution.extension.migration.min.js]
[newcrestmining.ltd/js/extensions/revolution.extension.navigation.min.js]
[newcrestmining.ltd/js/extensions/revolution.extension.parallax.min.js]
[newcrestmining.ltd/js/extensions/revolution.extension.slideanims.min.js]
[newcrestmining.ltd/js/extensions/revolution.extension.video.min.js]
[newcrestmining.ltd/js/theme.js]
[newcrestmining.ltd/widgets.bitcoin.com/widget.html]
[newcrestmining.ltd/index.html]
[www.smartsuppchat.com/loaderd41d.js]
[newcrestmining.ltd/fonts/glyphicons-halflings-regular.eot]
[newcrestmining.ltd/fonts/glyphicons-halflings-regulard41dd41d.eot]
[newcrestmining.ltd/fonts/glyphicons-halflings-regular.html]
[newcrestmining.ltd/fonts/glyphicons-halflings-regular.woff]
[newcrestmining.ltd/fonts/glyphicons-halflings-regular.ttf]
[newcrestmining.ltd/css/bootstrap.min.css]
[newcrestmining.ltd/fonts/fontawesome-webfont3e6e3e6e.eot]
[newcrestmining.ltd/fonts/fontawesome-webfontd41dd41d.eot]
[newcrestmining.ltd/fonts/fontawesome-webfont3e6e3e6e.html]
[newcrestmining.ltd/fonts/fontawesome-webfont3e6e3e6e.woff]
[newcrestmining.ltd/fonts/fontawesome-webfont3e6e3e6e.ttf]
[newcrestmining.ltd/css/font-awesome.min.css]
[newcrestmining.ltd/fonts/Pe-icon-7-strokebb1dbb1d.eot]
[newcrestmining.ltd/fonts/Pe-icon-7-stroked41dd41d.eot]
[newcrestmining.ltd/fonts/Pe-icon-7-strokebb1dbb1d.woff]
[newcrestmining.ltd/fonts/Pe-icon-7-strokebb1dbb1d.ttf]
[newcrestmining.ltd/css/pe-icon-7-stroke.css]
[newcrestmining.ltd/css/menumaker.css]
[newcrestmining.ltd/fonts/themify9f249f24.eot]
[newcrestmining.ltd/fonts/themifyd41dd41d.eot]
[newcrestmining.ltd/fonts/themify9f249f24.woff]
[newcrestmining.ltd/fonts/themify9f249f24.ttf]
[newcrestmining.ltd/css/themify-icons.css]
[newcrestmining.ltd/css/owl.video.play.html]
[newcrestmining.ltd/css/owl.carousel.css]
[newcrestmining.ltd/css/magnific-popup.css]
[newcrestmining.ltd/fonts/revicons/revicons90c690c6.eot]
[newcrestmining.ltd/fonts/revicons/revicons90c690c6.woff]
[newcrestmining.ltd/fonts/revicons/revicons90c690c6.ttf]
[newcrestmining.ltd/css/openhand.html]
[newcrestmining.ltd/css/closedhand.html]
[newcrestmining.ltd/assets/gridtile.png]
[newcrestmining.ltd/assets/gridtile_white.png]
[newcrestmining.ltd/assets/gridtile_3x3.png]
[newcrestmining.ltd/assets/gridtile_3x3_white.html]
[newcrestmining.ltd/assets/coloredbg.html]
[newcrestmining.ltd/assets/loader.html]
[newcrestmining.ltd/css/settings.css]
[newcrestmining.ltd/css/layers.css]
[newcrestmining.ltd/css/navigation.css]
[newcrestmining.ltd/images/icons/icons-bg.jpg]
[newcrestmining.ltd/images/icons/testimonial-arrow.png]
[newcrestmining.ltd/images/icons/paymethodinfo.png]
[newcrestmining.ltd/images/preloader.png]
[newcrestmining.ltd/images/icons/arrow-process.png]
[newcrestmining.ltd/css/style-home3.css]
[translate.google.com/translate_a/elementa0d8.html]
[newcrestmining.ltd/indexbc14.html]
[newcrestmining.ltd/images/newlogo.svg]
[newcrestmining.ltd/images/bg/page-banner.jpg]
[newcrestmining.ltd/index3898.html]
[newcrestmining.ltd/images/whychoose/sol-1.jpg]
[newcrestmining.ltd/images/whychoose/sol-3.jpg]
[newcrestmining.ltd/images/whychoose/sol-4.jpg]
[newcrestmining.ltd/indexef6b.html]
[newcrestmining.ltd/index38cd.html]
[newcrestmining.ltd/images/gallery-02.jpg]
[newcrestmining.ltd/vendor/jquery/jquery-3.2.1.min.js]
[newcrestmining.ltd/vendor/animsition/js/animsition.min.js]
[newcrestmining.ltd/vendor/bootstrap/js/popper.js]
[newcrestmining.ltd/vendor/bootstrap/js/bootstrap.min.js]
[newcrestmining.ltd/vendor/select2/select2.min.js]
[newcrestmining.ltd/vendor/daterangepicker/moment.min.js]
[newcrestmining.ltd/vendor/daterangepicker/daterangepicker.js]
[newcrestmining.ltd/vendor/countdowntime/countdowntime.js]
[newcrestmining.ltd/js/main.js]
[newcrestmining.ltd/indexc30b.html]
[newcrestmining.ltd/indexcca3.html]
[newcrestmining.ltd/widgets.bitcoin.com/widget.html]
[newcrestmining.ltd/fonts/glyphicons-halflings-regular.html]
[newcrestmining.ltd/fonts/glyphicons-halflings-regular.svg]
[newcrestmining.ltd/fonts/fontawesome-webfont3e6e3e6e.html]
[newcrestmining.ltd/images/bg/quote-bg.jpg]
[newcrestmining.ltd/fonts/fontawesome-webfont3e6e3e6e.svg]
[newcrestmining.ltd/fonts/Pe-icon-7-strokebb1dbb1d.svg]
[newcrestmining.ltd/fonts/themify9f249f24.svg]
[newcrestmining.ltd/indexa972.html]
[newcrestmining.ltd/css/owl.video.play.html]
[newcrestmining.ltd/fonts/revicons/revicons90c690c6.svg]
[newcrestmining.ltd/css/openhand.html]
[newcrestmining.ltd/css/closedhand.html]
[newcrestmining.ltd/assets/gridtile_3x3_white.html]
[newcrestmining.ltd/assets/coloredbg.html]
[newcrestmining.ltd/assets/loader.html]
[newcrestmining.ltd/images/price-01.jpg]
[newcrestmining.ltd/css/style.css]
[newcrestmining.ltd/vendor/bootstrap/css/bootstrap.min.css]
[newcrestmining.ltd/fonts/font-awesome-4.7.0/fonts/fontawesome-webfont3e6e.eot]
[newcrestmining.ltd/fonts/font-awesome-4.7.0/fonts/fontawesome-webfontd41d.eot]
[newcrestmining.ltd/fonts/font-awesome-4.7.0/fonts/fontawesome-webfont3e6e.woff2]
[newcrestmining.ltd/fonts/font-awesome-4.7.0/fonts/fontawesome-webfont3e6e.woff]
[newcrestmining.ltd/fonts/font-awesome-4.7.0/fonts/fontawesome-webfont3e6e.ttf]
[newcrestmining.ltd/fonts/font-awesome-4.7.0/css/font-awesome.min.css]
[newcrestmining.ltd/fonts/Linearicons-Free-v1.0.0/icon-font.min.css]
[newcrestmining.ltd/fonts/iconic/fonts/Material-Design-Iconic-Fontd1f1.woff2]
[newcrestmining.ltd/fonts/iconic/fonts/Material-Design-Iconic-Fontd1f1.woff]
[newcrestmining.ltd/fonts/iconic/fonts/Material-Design-Iconic-Fontd1f1.ttf]
[newcrestmining.ltd/fonts/iconic/css/material-design-iconic-font.min.css]
[newcrestmining.ltd/vendor/animate/animate.css]
[newcrestmining.ltd/vendor/css-hamburgers/hamburgers.min.css]
[newcrestmining.ltd/vendor/animsition/css/animsition.min.css]
[newcrestmining.ltd/vendor/select2/select2.min.css]
[newcrestmining.ltd/vendor/daterangepicker/daterangepicker.css]
[newcrestmining.ltd/css/util.css]
[newcrestmining.ltd/fonts/poppins/Poppins-Regular.ttf]
[newcrestmining.ltd/fonts/poppins/Poppins-Medium.ttf]
[newcrestmining.ltd/fonts/poppins/Poppins-Bold.ttf]
[newcrestmining.ltd/fonts/poppins/Poppins-SemiBold.ttf]
[newcrestmining.ltd/css/main.css]
[ajax.googleapis.com/ajax/libs/jquery/2.1.1/jquery.min.js]
[cdnjs.cloudflare.com/ajax/libs/font-awesome/4.7.0/css/font-awesome.min.css]
[newcrestmining.ltd/indexa972.html]
[newcrestmining.ltd/external452e.html]
[newcrestmining.ltd/index2017.html]
[newcrestmining.ltd/external3abd.html]
[newcrestmining.ltd/index035c.html]
[newcrestmining.ltd/index489c.html]
[newcrestmining.ltd/index238e.html]
[newcrestmining.ltd/error_page.html]
[newcrestmining.ltd/indexfff2.html]
[newcrestmining.ltd/index8037.html]
[newcrestmining.ltd/index57aa.html]
[newcrestmining.ltd/index0c91.html]
[newcrestmining.ltd/fonts/font-awesome-4.7.0/fonts/fontawesome-webfont3e6e.svg]
[newcrestmining.ltd/external99b2.html]
[newcrestmining.ltd/assets/css/lib/chartist/chartist.min.css]
[cdnjs.cloudflare.com/ajax/libs/font-awesome/4.7.0/css/font-awesome.min.css]
[newcrestmining.ltd/assets/css/lib/themify-icons.css]
[newcrestmining.ltd/assets/css/lib/owl.video.play.html]
[newcrestmining.ltd/assets/css/lib/owl.carousel.min.css]
[newcrestmining.ltd/assets/css/lib/owl.theme.default.min.css]
[newcrestmining.ltd/assets/css/lib/weather-icons.css]
[newcrestmining.ltd/assets/css/lib/menubar/sidebar.css]
[newcrestmining.ltd/assets/css/lib/bootstrap.min.css]
[newcrestmining.ltd/assets/css/lib/unix.css]
[newcrestmining.ltd/assets/css/style.css]
[newcrestmining.ltd/index489c.html]
[newcrestmining.ltd/index2017.html]
[newcrestmining.ltd/index238e.html]
[newcrestmining.ltd/index035c.html]
[newcrestmining.ltd/indexfff2.html]
[newcrestmining.ltd/index8037.html]
[newcrestmining.ltd/index57aa.html]
[newcrestmining.ltd/index0c91.html]
[newcrestmining.ltd/external906b.html]
[newcrestmining.ltd/externalbc2c.html]
[newcrestmining.ltd/external3f1e.html]
[newcrestmining.ltd/external4781.html]
[newcrestmining.ltd/external7c45.html]
[newcrestmining.ltd/external1ce8.html]
[newcrestmining.ltd/external7329.html]
[newcrestmining.ltd/external0663.html]
[newcrestmining.ltd/externale694.html]
[newcrestmining.ltd/external2027.html]
[newcrestmining.ltd/assets/css/lib/owl.video.play.html]
[newcrestmining.ltd/external7bed.html]
[newcrestmining.ltd/external0697.html]
[newcrestmining.ltd/externale6b0.html]
[newcrestmining.ltd/external0289.html]
[newcrestmining.ltd/external4c3c.html]
[newcrestmining.ltd/external20a4.html]
[newcrestmining.ltd/external7320.html]
[newcrestmining.ltd/externald3d0.html]
[newcrestmining.ltd/externalf734.html]
[newcrestmining.ltd/externald923.html]
[newcrestmining.ltd/external4002.html]
[newcrestmining.ltd/externala52e.html]
[newcrestmining.ltd/michaeltruong.ca/images/logo1.html]
[newcrestmining.ltd/michaeltruong.ca/images/client.html]
